// Jest Snapshot v1, https://goo.gl/fbAQLP

exports[`App component Renders correctly 1`] = `
<ErrorBoundaryComponent>
  <div
    className="wrapper"
  >
    <HeaderComponent />
    <section
      className="padding-all-15 page-specific-content"
    >
      <Switch>
        // TODO: Check if any type can be avoided below.
        <Route
          exact={true}
          key="/about-us"
          path="/about-us"
          render={[Function]}
        />
        <Route
          exact={true}
          key="/contact-us"
          path="/contact-us"
          render={[Function]}
        />
        <Route
          exact={true}
          key="/"
          path="/"
          render={[Function]}
        />
        <Route
          component={[Function]}
        />
      </Switch>
    </section>
    <FooterComponent />
  </div>
</ErrorBoundaryComponent>
`;
